\BOOKMARK [0][-]{chapter.1}{\376\377\000A\000u\000t\000h\000o\000r\000s\000\040\000a\000n\000d\000\040\000a\000p\000p\000r\000o\000v\000a\000l}{}% 1
\BOOKMARK [0][-]{chapter.2}{\376\377\000C\000h\000a\000n\000g\000e\000\040\000r\000e\000c\000o\000r\000d\000s}{}% 2
\BOOKMARK [1][-]{section.2.1}{\376\377\000I\000n\000t\000r\000o\000d\000u\000c\000t\000i\000o\000n}{chapter.2}% 3
\BOOKMARK [2][-]{subsection.2.1.1}{\376\377\000P\000u\000r\000p\000o\000s\000e\000\040\000a\000n\000d\000\040\000s\000c\000o\000p\000e}{section.2.1}% 4
\BOOKMARK [2][-]{subsection.2.1.2}{\376\377\000C\000a\000l\000/\000V\000a\000l\000\040\000c\000o\000n\000t\000e\000x\000t}{section.2.1}% 5
\BOOKMARK [2][-]{subsection.2.1.3}{\376\377\000L\0002\000\040\000p\000r\000o\000d\000u\000c\000t\000\040\000s\000c\000o\000p\000e}{section.2.1}% 6
\BOOKMARK [2][-]{subsection.2.1.4}{\376\377\000C\000a\000l\000/\000V\000a\000l\000\040\000o\000b\000j\000e\000c\000t\000i\000v\000e\000s\000\040\000a\000n\000d\000\040\000p\000e\000r\000f\000o\000r\000m\000a\000n\000c\000e}{section.2.1}% 7
\BOOKMARK [2][-]{subsection.2.1.5}{\376\377\000A\000T\000B\000D\000\040\000p\000u\000r\000p\000o\000s\000e}{section.2.1}% 8
\BOOKMARK [2][-]{subsection.2.1.6}{\376\377\000A\000p\000p\000l\000i\000c\000a\000b\000l\000e\000\040\000a\000n\000d\000\040\000r\000e\000f\000e\000r\000e\000n\000c\000e\000\040\000d\000o\000c\000u\000m\000e\000n\000t\000s}{section.2.1}% 9
\BOOKMARK [2][-]{subsection.2.1.7}{\376\377\000A\000c\000r\000o\000n\000y\000m\000s}{section.2.1}% 10
\BOOKMARK [2][-]{subsection.2.1.8}{\376\377\000D\000e\000f\000i\000n\000i\000t\000i\000o\000n\000s\000\040\000a\000n\000d\000\040\000c\000o\000n\000v\000e\000n\000t\000i\000o\000n\000s}{section.2.1}% 11
\BOOKMARK [1][-]{section.2.2}{\376\377\000P\000r\000o\000c\000e\000s\000s\000i\000n\000g\000\040\000m\000o\000d\000e\000l\000\040\000a\000n\000d\000\040\000d\000a\000t\000a\000\040\000f\000l\000o\000w}{chapter.2}% 12
\BOOKMARK [2][-]{subsection.2.2.1}{\376\377\000O\000v\000e\000r\000v\000i\000e\000w\000\040\000a\000n\000d\000\040\000t\000o\000p\000-\000d\000o\000w\000n\000\040\000d\000e\000c\000o\000m\000p\000o\000s\000i\000t\000i\000o\000n}{section.2.2}% 13
\BOOKMARK [2][-]{subsection.2.2.2}{\376\377\000P\000r\000e\000-\000l\000a\000u\000n\000c\000h\000\040\000p\000h\000a\000s\000e\000\040\000\050\000D\000\051}{section.2.2}% 14
\BOOKMARK [2][-]{subsection.2.2.3}{\376\377\000C\000o\000m\000m\000i\000s\000s\000i\000o\000n\000i\000n\000g\000\040\000p\000h\000a\000s\000e\000\040\000\050\000I\000O\000C\000\040\000o\000r\000\040\000E\0001\000\051}{section.2.2}% 15
\BOOKMARK [2][-]{subsection.2.2.4}{\376\377\000E\000x\000p\000l\000o\000i\000t\000a\000t\000i\000o\000n\000\040\000p\000h\000a\000s\000e\000\040\000\050\000E\0002\000\051}{section.2.2}% 16
\BOOKMARK [2][-]{subsection.2.2.5}{\376\377\000E\000n\000d\000-\000t\000o\000-\000e\000n\000d\000\040\000d\000a\000t\000a\000\040\000f\000l\000o\000w}{section.2.2}% 17
\BOOKMARK [1][-]{section.2.3}{\376\377\000A\000l\000g\000o\000r\000i\000t\000h\000m\000s\000\040\000d\000e\000s\000c\000r\000i\000p\000t\000i\000o\000n}{chapter.2}% 18
\BOOKMARK [2][-]{subsection.2.3.1}{\376\377\000S\000e\000l\000e\000c\000t\000e\000d\000\040\000C\000a\000l\000i\000b\000r\000a\000t\000i\000o\000n\000\040\000m\000e\000t\000h\000o\000d\000s}{section.2.3}% 19
\BOOKMARK [3][-]{subsubsection.2.3.1.1}{\376\377\000R\000O\000S\000E\000-\000L\000\040\000L\0001\000\040\000S\000L\000C\000\040\000p\000r\000o\000d\000u\000c\000t\000s}{subsection.2.3.1}% 20
\BOOKMARK [4][-]{paragraph*.40}{\376\377\000S\000h\000o\000r\000t\000\040\000d\000e\000s\000c\000r\000i\000p\000t\000i\000o\000n}{subsubsection.2.3.1.1}% 21
\BOOKMARK [4][-]{paragraph*.41}{\376\377\000D\000e\000s\000c\000r\000i\000p\000t\000i\000o\000n\000\040\000o\000f\000\040\000i\000n\000p\000u\000t\000s}{subsubsection.2.3.1.1}% 22
\BOOKMARK [4][-]{paragraph*.42}{\376\377\000D\000e\000t\000a\000i\000l\000e\000d\000\040\000m\000e\000t\000h\000o\000d\000o\000l\000o\000g\000y}{subsubsection.2.3.1.1}% 23
\BOOKMARK [4][-]{paragraph*.43}{\376\377\000P\000e\000r\000f\000o\000r\000m\000a\000n\000c\000e\000\040\000m\000e\000t\000r\000i\000c\000s}{subsubsection.2.3.1.1}% 24
\BOOKMARK [4][-]{paragraph*.44}{\376\377\000E\000x\000p\000e\000c\000t\000e\000d\000\040\000o\000u\000t\000p\000u\000t}{subsubsection.2.3.1.1}% 25
\BOOKMARK [3][-]{subsubsection.2.3.1.2}{\376\377\000N\000O\000C}{subsection.2.3.1}% 26
\BOOKMARK [4][-]{paragraph*.45}{\376\377\000S\000h\000o\000r\000t\000\040\000d\000e\000s\000c\000r\000i\000p\000t\000i\000o\000n}{subsubsection.2.3.1.2}% 27
\BOOKMARK [4][-]{paragraph*.46}{\376\377\000D\000e\000s\000c\000r\000i\000p\000t\000i\000o\000n\000\040\000o\000f\000\040\000i\000n\000p\000u\000t\000s}{subsubsection.2.3.1.2}% 28
\BOOKMARK [4][-]{paragraph*.47}{\376\377\000D\000e\000t\000a\000i\000l\000e\000d\000\040\000m\000e\000t\000h\000o\000d\000o\000l\000o\000g\000y}{subsubsection.2.3.1.2}% 29
\BOOKMARK [4][-]{paragraph*.48}{\376\377\000P\000e\000r\000f\000o\000r\000m\000a\000n\000c\000e\000\040\000m\000e\000t\000r\000i\000c\000s}{subsubsection.2.3.1.2}% 30
\BOOKMARK [4][-]{paragraph*.49}{\376\377\000E\000x\000p\000e\000c\000t\000e\000d\000\040\000o\000u\000t\000p\000u\000t}{subsubsection.2.3.1.2}% 31
\BOOKMARK [3][-]{subsubsection.2.3.1.3}{\376\377\000G\000M\000F\000\040\000t\000u\000n\000i\000n\000g}{subsection.2.3.1}% 32
\BOOKMARK [4][-]{paragraph*.50}{\376\377\000S\000h\000o\000r\000t\000\040\000d\000e\000s\000c\000r\000i\000p\000t\000i\000o\000n}{subsubsection.2.3.1.3}% 33
\BOOKMARK [4][-]{paragraph*.51}{\376\377\000D\000e\000s\000c\000r\000i\000p\000t\000i\000o\000n\000\040\000o\000f\000\040\000i\000n\000p\000u\000t\000s}{subsubsection.2.3.1.3}% 34
\BOOKMARK [4][-]{paragraph*.52}{\376\377\000D\000e\000t\000a\000i\000l\000e\000d\000\040\000m\000e\000t\000h\000o\000d\000o\000l\000o\000g\000y}{subsubsection.2.3.1.3}% 35
\BOOKMARK [4][-]{paragraph*.53}{\376\377\000P\000e\000r\000f\000o\000r\000m\000a\000n\000c\000e\000\040\000m\000e\000t\000r\000i\000c\000s}{subsubsection.2.3.1.3}% 36
\BOOKMARK [4][-]{paragraph*.54}{\376\377\000E\000x\000p\000e\000c\000t\000e\000d\000\040\000o\000u\000t\000p\000u\000t}{subsubsection.2.3.1.3}% 37
\BOOKMARK [3][-]{subsubsection.2.3.1.4}{\376\377\000M\000T\000F\000\040\000t\000u\000n\000i\000n\000g}{subsection.2.3.1}% 38
\BOOKMARK [4][-]{paragraph*.55}{\376\377\000S\000h\000o\000r\000t\000\040\000d\000e\000s\000c\000r\000i\000p\000t\000i\000o\000n}{subsubsection.2.3.1.4}% 39
\BOOKMARK [4][-]{paragraph*.56}{\376\377\000D\000e\000s\000c\000r\000i\000p\000t\000i\000o\000n\000\040\000o\000f\000\040\000i\000n\000p\000u\000t\000s}{subsubsection.2.3.1.4}% 40
\BOOKMARK [4][-]{paragraph*.57}{\376\377\000D\000e\000t\000a\000i\000l\000e\000d\000\040\000m\000e\000t\000h\000o\000d\000o\000l\000o\000g\000y}{subsubsection.2.3.1.4}% 41
\BOOKMARK [4][-]{paragraph*.58}{\376\377\000P\000e\000r\000f\000o\000r\000m\000a\000n\000c\000e\000\040\000m\000e\000t\000r\000i\000c\000s}{subsubsection.2.3.1.4}% 42
\BOOKMARK [4][-]{paragraph*.59}{\376\377\000E\000x\000p\000e\000c\000t\000e\000d\000\040\000o\000u\000t\000p\000u\000t}{subsubsection.2.3.1.4}% 43
\BOOKMARK [3][-]{subsubsection.2.3.1.5}{\376\377\000S\000u\000m\000m\000a\000r\000y}{subsection.2.3.1}% 44
\BOOKMARK [2][-]{subsection.2.3.2}{\376\377\000S\000e\000l\000e\000c\000t\000e\000d\000\040\000V\000a\000l\000i\000d\000a\000t\000i\000o\000n\000\040\000m\000e\000t\000h\000o\000d\000s}{section.2.3}% 45
\BOOKMARK [3][-]{subsubsection.2.3.2.1}{\376\377\000O\000n\000e\000-\000t\000o\000-\000o\000n\000e\000\040\000v\000a\000l\000i\000d\000a\000t\000i\000o\000n}{subsection.2.3.2}% 46
\BOOKMARK [4][-]{paragraph*.60}{\376\377\000S\000h\000o\000r\000t\000\040\000d\000e\000s\000c\000r\000i\000p\000t\000i\000o\000n}{subsubsection.2.3.2.1}% 47
\BOOKMARK [4][-]{paragraph*.61}{\376\377\000D\000e\000s\000c\000r\000i\000p\000t\000i\000o\000n\000\040\000o\000f\000\040\000i\000n\000p\000u\000t\000s}{subsubsection.2.3.2.1}% 48
\BOOKMARK [4][-]{paragraph*.62}{\376\377\000D\000e\000t\000a\000i\000l\000e\000d\000\040\000m\000e\000t\000h\000o\000d\000o\000l\000o\000g\000y}{subsubsection.2.3.2.1}% 49
\BOOKMARK [4][-]{paragraph*.63}{\376\377\000P\000e\000r\000f\000o\000r\000m\000a\000n\000c\000e\000\040\000m\000e\000t\000r\000i\000c\000s}{subsubsection.2.3.2.1}% 50
\BOOKMARK [4][-]{paragraph*.64}{\376\377\000E\000x\000p\000e\000c\000t\000e\000d\000\040\000o\000u\000t\000p\000u\000t}{subsubsection.2.3.2.1}% 51
\BOOKMARK [3][-]{subsubsection.2.3.2.2}{\376\377\000T\000r\000i\000p\000l\000e\000\040\000c\000o\000l\000l\000o\000c\000a\000t\000i\000o\000n}{subsection.2.3.2}% 52
\BOOKMARK [4][-]{paragraph*.65}{\376\377\000S\000h\000o\000r\000t\000\040\000d\000e\000s\000c\000r\000i\000p\000t\000i\000o\000n}{subsubsection.2.3.2.2}% 53
\BOOKMARK [4][-]{paragraph*.66}{\376\377\000D\000e\000s\000c\000r\000i\000p\000t\000i\000o\000n\000\040\000o\000f\000\040\000i\000n\000p\000u\000t\000s}{subsubsection.2.3.2.2}% 54
\BOOKMARK [4][-]{paragraph*.67}{\376\377\000D\000e\000t\000a\000i\000l\000e\000d\000\040\000m\000e\000t\000h\000o\000d\000o\000l\000o\000g\000y}{subsubsection.2.3.2.2}% 55
\BOOKMARK [4][-]{paragraph*.68}{\376\377\000P\000e\000r\000f\000o\000r\000m\000a\000n\000c\000e\000\040\000m\000e\000t\000r\000i\000c\000s}{subsubsection.2.3.2.2}% 56
\BOOKMARK [4][-]{paragraph*.69}{\376\377\000E\000x\000p\000e\000c\000t\000e\000d\000\040\000o\000u\000t\000p\000u\000t}{subsubsection.2.3.2.2}% 57
\BOOKMARK [3][-]{subsubsection.2.3.2.3}{\376\377\000S\000p\000a\000t\000i\000a\000l\000\040\000v\000a\000r\000i\000a\000n\000c\000e\000s}{subsection.2.3.2}% 58
\BOOKMARK [4][-]{paragraph*.70}{\376\377\000S\000h\000o\000r\000t\000\040\000d\000e\000s\000c\000r\000i\000p\000t\000i\000o\000n}{subsubsection.2.3.2.3}% 59
\BOOKMARK [4][-]{paragraph*.71}{\376\377\000D\000e\000s\000c\000r\000i\000p\000t\000i\000o\000n\000\040\000o\000f\000\040\000i\000n\000p\000u\000t\000s}{subsubsection.2.3.2.3}% 60
\BOOKMARK [4][-]{paragraph*.72}{\376\377\000D\000e\000t\000a\000i\000l\000e\000d\000\040\000m\000e\000t\000h\000o\000d\000o\000l\000o\000g\000y}{subsubsection.2.3.2.3}% 61
\BOOKMARK [4][-]{paragraph*.73}{\376\377\000P\000e\000r\000f\000o\000r\000m\000a\000n\000c\000e\000\040\000m\000e\000t\000r\000i\000c\000s}{subsubsection.2.3.2.3}% 62
\BOOKMARK [4][-]{paragraph*.74}{\376\377\000E\000x\000p\000e\000c\000t\000e\000d\000\040\000o\000u\000t\000p\000u\000t}{subsubsection.2.3.2.3}% 63
\BOOKMARK [3][-]{subsubsection.2.3.2.4}{\376\377\000S\000u\000m\000m\000a\000r\000y}{subsection.2.3.2}% 64
\BOOKMARK [1][-]{section.2.4}{\376\377\000U\000n\000c\000e\000r\000t\000a\000i\000n\000t\000y\000\040\000a\000n\000a\000l\000y\000s\000i\000s}{chapter.2}% 65
\BOOKMARK [2][-]{subsection.2.4.1}{\376\377\000I\000n\000t\000r\000o\000d\000u\000c\000t\000i\000o\000n}{section.2.4}% 66
\BOOKMARK [2][-]{subsection.2.4.2}{\376\377\000T\000h\000e\000\040\000G\000U\000M\000\040\000P\000r\000i\000n\000c\000i\000p\000l\000e\000s\000:\000\040\000A\000\040\000r\000e\000v\000i\000e\000w}{section.2.4}% 67
\BOOKMARK [3][-]{subsubsection.2.4.2.1}{\376\377\000T\000h\000e\000\040\000I\000n\000t\000e\000r\000n\000a\000t\000i\000o\000n\000a\000l\000\040\000V\000o\000c\000a\000b\000u\000l\000a\000r\000y\000\040\000o\000f\000\040\000M\000e\000t\000r\000o\000l\000o\000g\000y\000\040\000\050\000V\000I\000M\000\051}{subsection.2.4.2}% 68
\BOOKMARK [3][-]{subsubsection.2.4.2.2}{\376\377\000G\000u\000i\000d\000e\000\040\000t\000o\000\040\000t\000h\000e\000\040\000E\000x\000p\000r\000e\000s\000s\000i\000o\000n\000\040\000o\000f\000\040\000U\000n\000c\000e\000r\000t\000a\000i\000n\000t\000y\000\040\000i\000n\000\040\000M\000e\000a\000s\000u\000r\000e\000m\000e\000n\000t\000\040\000\050\000G\000U\000M\000\051}{subsection.2.4.2}% 69
\BOOKMARK [3][-]{subsubsection.2.4.2.3}{\376\377\000Q\000u\000a\000l\000i\000t\000y\000\040\000A\000s\000s\000u\000r\000a\000n\000c\000e\000\040\000F\000r\000a\000m\000e\000w\000o\000r\000k\000\040\000f\000o\000r\000\040\000E\000a\000r\000t\000h\000\040\000O\000b\000s\000e\000r\000v\000a\000t\000i\000o\000n\000\040\000\050\000Q\000A\0004\000E\000O\000\051}{subsection.2.4.2}% 70
\BOOKMARK [2][-]{subsection.2.4.3}{\376\377\000P\000r\000o\000d\000u\000c\000t\000-\000s\000p\000e\000c\000i\000f\000i\000c\000\040\000u\000n\000c\000e\000r\000t\000a\000i\000n\000t\000y\000\040\000e\000s\000t\000i\000m\000a\000t\000i\000o\000n}{section.2.4}% 71
\BOOKMARK [3][-]{subsubsection.2.4.3.1}{\376\377\000A\000z\000i\000m\000u\000t\000h\000\040\000w\000a\000v\000e\000l\000e\000n\000g\000t\000h\000\040\000c\000u\000t\000o\000f\000f}{subsection.2.4.3}% 72
\BOOKMARK [3][-]{subsubsection.2.4.3.2}{\376\377\000M\000A\000C\000S}{subsection.2.4.3}% 73
\BOOKMARK [3][-]{subsubsection.2.4.3.3}{\376\377\000i\000M\000A\000C\000S}{subsection.2.4.3}% 74
\BOOKMARK [3][-]{subsubsection.2.4.3.4}{\376\377\000D\000C\000A}{subsection.2.4.3}% 75
\BOOKMARK [3][-]{subsubsection.2.4.3.5}{\376\377\000T\000e\000x\000t\000u\000r\000e\000-\000b\000a\000s\000e\000d\000\040\000a\000z\000i\000m\000u\000t\000h\000\040\000c\000u\000t\000o\000f\000f}{subsection.2.4.3}% 76
\BOOKMARK [3][-]{subsubsection.2.4.3.6}{\376\377\000R\000V\000L}{subsection.2.4.3}% 77
\BOOKMARK [3][-]{subsubsection.2.4.3.7}{\376\377\000I\000n\000v\000e\000r\000s\000e\000\040\000W\000a\000v\000e\000\040\000A\000g\000e}{subsection.2.4.3}% 78
\BOOKMARK [3][-]{subsubsection.2.4.3.8}{\376\377\000W\000i\000n\000d\000\040\000p\000r\000o\000d\000u\000c\000t\000s}{subsection.2.4.3}% 79
\BOOKMARK [4][-]{paragraph*.75}{\376\377\000W\000i\000n\000d\000\040\000s\000p\000e\000e\000d\000,\000\040\000w\000i\000n\000d\000\040\000s\000t\000r\000e\000s\000s\000,\000\040\000a\000n\000d\000\040\000h\000u\000b\000\040\000h\000e\000i\000g\000h\000t\000\040\000w\000i\000n\000d\000\040\000s\000p\000e\000e\000d}{subsubsection.2.4.3.8}% 80
\BOOKMARK [3][-]{subsubsection.2.4.3.9}{\376\377\000S\000e\000a\000-\000s\000t\000a\000t\000e\000\040\000p\000r\000o\000d\000u\000c\000t\000s}{subsection.2.4.3}% 81
\BOOKMARK [3][-]{subsubsection.2.4.3.10}{\376\377\000L\000i\000n\000e\000-\000o\000f\000-\000s\000i\000g\000h\000t\000\040\000c\000u\000r\000r\000e\000n\000t\000\040\000p\000r\000o\000d\000u\000c\000t\000s}{subsection.2.4.3}% 82
\BOOKMARK [4][-]{paragraph*.76}{\376\377\000L\000i\000n\000e\000-\000o\000f\000-\000s\000i\000g\000h\000t\000\040\000w\000a\000v\000e\000\040\000D\000o\000p\000p\000l\000e\000r\000\040\000a\000n\000d\000\040\000l\000i\000n\000e\000-\000o\000f\000-\000s\000i\000g\000h\000t\000\040\000s\000u\000r\000f\000a\000c\000e\000\040\000c\000u\000r\000r\000e\000n\000t\000\040\000c\000o\000m\000p\000o\000n\000e\000n\000t}{subsubsection.2.4.3.10}% 83
\BOOKMARK [3][-]{subsubsection.2.4.3.11}{\376\377\000S\000u\000m\000m\000a\000r\000y}{subsection.2.4.3}% 84
\BOOKMARK [2][-]{subsection.2.4.4}{\376\377\000R\000e\000f\000e\000r\000e\000n\000c\000e\000s}{section.2.4}% 85
\BOOKMARK [0][-]{section*.85}{\376\377\000I\000n\000d\000e\000x}{}% 86
